 S0C    S1C    S0U    S1U      EC       EU        OC         OU       MC     MU    CCSC   CCSU   YGC     YGCT    FGC    FGCT     GCT   
25088.0 36864.0  0.0    0.0   790528.0 92468.8   518656.0   60654.2   59008.0 58118.1 7296.0 7008.3      6    0.197   3      0.382    0.579
25088.0 36864.0  0.0    0.0   790528.0 94445.1   518656.0   60654.2   59008.0 58118.1 7296.0 7008.3      6    0.197   3      0.382    0.579
25088.0 36864.0  0.0    0.0   790528.0 94445.1   518656.0   60654.2   59008.0 58118.1 7296.0 7008.3      6    0.197   3      0.382    0.579
25088.0 36864.0  0.0    0.0   790528.0 94445.1   518656.0   60654.2   59008.0 58118.1 7296.0 7008.3      6    0.197   3      0.382    0.579
25088.0 36864.0  0.0    0.0   790528.0 94445.1   518656.0   60654.2   59008.0 58118.1 7296.0 7008.3      6    0.197   3      0.382    0.579
25088.0 36864.0  0.0    0.0   790528.0 94445.1   518656.0   60654.2   59008.0 58118.1 7296.0 7008.3      6    0.197   3      0.382    0.579
25088.0 36864.0  0.0    0.0   790528.0 94445.1   518656.0   60654.2   59008.0 58118.1 7296.0 7008.3      6    0.197   3      0.382    0.579
25088.0 36864.0  0.0    0.0   790528.0 94445.2   518656.0   60654.2   59008.0 58118.1 7296.0 7008.3      6    0.197   3      0.382    0.579
25088.0 36864.0  0.0    0.0   790528.0 94445.2   518656.0   60654.2   59008.0 58118.1 7296.0 7008.3      6    0.197   3      0.382    0.579
25088.0 36864.0  0.0    0.0   790528.0 94445.2   518656.0   60654.2   59008.0 58118.1 7296.0 7008.3      6    0.197   3      0.382    0.579
25088.0 36864.0  0.0    0.0   790528.0 94445.2   518656.0   60654.2   59008.0 58118.1 7296.0 7008.3      6    0.197   3      0.382    0.579
25088.0 36864.0  0.0    0.0   790528.0 94445.2   518656.0   60654.2   59008.0 58118.1 7296.0 7008.3      6    0.197   3      0.382    0.579
25088.0 36864.0  0.0    0.0   790528.0 94445.2   518656.0   60654.2   59008.0 58118.1 7296.0 7008.3      6    0.197   3      0.382    0.579
25088.0 36864.0  0.0    0.0   790528.0 94445.2   518656.0   60654.2   59008.0 58118.1 7296.0 7008.3      6    0.197   3      0.382    0.579
25088.0 36864.0  0.0    0.0   790528.0 94445.2   518656.0   60654.2   59008.0 58118.1 7296.0 7008.3      6    0.197   3      0.382    0.579
25088.0 36864.0  0.0    0.0   790528.0 94445.2   518656.0   60654.2   59008.0 58118.1 7296.0 7008.3      6    0.197   3      0.382    0.579
25088.0 36864.0  0.0    0.0   790528.0 94445.2   518656.0   60654.2   59008.0 58118.1 7296.0 7008.3      6    0.197   3      0.382    0.579
25088.0 36864.0  0.0    0.0   790528.0 94445.2   518656.0   60654.2   59008.0 58118.1 7296.0 7008.3      6    0.197   3      0.382    0.579
25088.0 36864.0  0.0    0.0   790528.0 94445.2   518656.0   60654.2   59008.0 58118.1 7296.0 7008.3      6    0.197   3      0.382    0.579
25088.0 36864.0  0.0    0.0   790528.0 94445.2   518656.0   60654.2   59008.0 58118.1 7296.0 7008.3      6    0.197   3      0.382    0.579
75776.0 116224.0 75771.7  0.0   1150976.0 1022153.6  518656.0   188008.6  66432.0 65199.2 8064.0 7672.8      8    0.643   3      0.382    1.025
272896.0 241152.0  0.0   211250.0 1688064.0   0.0     551424.0   551130.1  66432.0 65199.2 8064.0 7672.8     11    2.105   4      0.382    2.487
272896.0 309248.0 243067.0 300352.0 2576384.0 2576384.0 1172480.0   988682.9  66432.0 65199.2 8064.0 7672.8     13    2.805   4      3.440    6.244
454144.0 309248.0  0.0   103290.3 2576384.0 2333238.4 1956864.0  1172273.8  66432.0 65199.2 8064.0 7672.8     13    3.660   5      7.069   10.729
577536.0 508928.0  0.0   453924.7 3812352.0   0.0    1956864.0  1645737.8  66432.0 65200.6 8064.0 7672.8     15    5.708   6      7.069   12.777
577536.0 508928.0  0.0   96841.6 3812352.0 1830770.5 2919424.0  1956652.0  66432.0 65200.6 8064.0 7672.8     15    5.708   6     12.121   17.829
577536.0 635392.0 462368.0 177207.1 4226048.0 4226048.0 2919424.0  2086860.0  66432.0 65200.6 8064.0 7672.8     17    7.235   6     12.121   19.356
667648.0 603136.0  0.0   602647.1 4226048.0   0.0    2919424.0  2518452.0  66432.0 65200.6 8064.0 7672.8     17    8.914   7     12.121   21.036
667648.0 603136.0  0.0   141114.8 4226048.0 2952980.1 4066816.0  2919273.4  66432.0 65200.6 8064.0 7672.8     17    8.914   7     18.932   27.847
667648.0 797696.0 571008.0 116608.0 3901440.0 3901440.0 4066816.0  3212337.4  66432.0 65200.6 8064.0 7672.8     19   10.958   7     18.932   29.890
812544.0 473600.0  0.0   473472.0 3901440.0   0.0    4066816.0  3633985.4  66432.0 65201.1 8064.0 7672.8     19   13.180   8     18.932   32.112
812544.0 473600.0  0.0   473472.0 3901440.0   0.0    4066816.0  3633985.4  66432.0 65201.1 8064.0 7672.8     19   13.180   8     18.932   32.112
812544.0 838144.0 521058.6  0.0   3820544.0 1450163.2 5429760.0  4070785.5  66432.0 65206.5 8064.0 7673.3     20   14.564   8     27.991   42.554
838144.0 838144.0 61120.0 838114.6 3820544.0 3820544.0 5429760.0  4532121.5  66432.0 65206.5 8064.0 7673.3     22   15.962   8     27.991   43.953
838144.0 988672.0 464256.0  0.0   3519488.0   0.0    5429760.0  5059636.2  66432.0 65206.5 8064.0 7673.3     22   17.743   9     27.991   45.734
838144.0 988672.0 464256.0  0.0   3519488.0   0.0    5429760.0  5059636.2  66432.0 65206.5 8064.0 7673.3     22   17.743   9     27.991   45.734
838144.0 988672.0 52949.9  0.0   3519488.0 2113292.3 7084544.0  5429289.5  66432.0 65206.5 8064.0 7673.3     22   17.743   9     40.712   58.455
937984.0 988672.0  0.0   427328.0 3519488.0 3076052.7 7084544.0  5482505.5  66432.0 65206.5 8064.0 7673.3     23   19.321   9     40.712   60.033
937984.0 1084416.0 937952.1 268480.0 3328000.0 3328000.0 7084544.0  6400961.6  66432.0 65210.6 8064.0 7673.7     25   20.832   9     40.712   61.545
1046528.0 1084416.0  0.0   321984.0 3328000.0   0.0    7084544.0  6434177.6  66432.0 65210.6 8064.0 7673.7     25   22.496  10     40.712   63.208
1046528.0 1084416.0  0.0   321984.0 3328000.0   0.0    7084544.0  6434177.6  66432.0 65210.6 8064.0 7673.7     25   22.496  10     40.712   63.208
1046528.0 1084416.0  0.0    0.0   3328000.0 2685507.4 8603648.0  6620830.0  66432.0 65210.6 8064.0 7673.7     25   22.496  10     53.088   75.584
1046528.0 1190912.0 1001572.0  0.0   3115008.0 1184143.8 8603648.0  6620830.0  66688.0 65502.4 8064.0 7708.6     26   23.807  10     53.088   76.896
1046528.0 1190912.0 1001572.0  0.0   3115008.0 1308685.7 8603648.0  6620830.0  66688.0 65502.4 8064.0 7708.6     26   23.807  10     53.088   76.896
1046528.0 1190912.0 1001572.0  0.0   3115008.0 1310075.9 8603648.0  6620830.0  66688.0 65502.4 8064.0 7708.6     26   23.807  10     53.088   76.896
1046528.0 1190912.0 1001572.0  0.0   3115008.0 1310082.4 8603648.0  6620830.0  66688.0 65502.4 8064.0 7708.6     26   23.807  10     53.088   76.896
1046528.0 1190912.0 1001572.0  0.0   3115008.0 1310086.1 8603648.0  6620830.0  66688.0 65502.4 8064.0 7708.6     26   23.807  10     53.088   76.896
1046528.0 1190912.0 1001572.0  0.0   3115008.0 1310089.8 8603648.0  6620830.0  66688.0 65502.4 8064.0 7708.6     26   23.807  10     53.088   76.896
1046528.0 1190912.0 1001572.0  0.0   3115008.0 1372361.5 8603648.0  6620830.0  66688.0 65502.4 8064.0 7708.6     26   23.807  10     53.088   76.896
1046528.0 1190912.0 1001572.0  0.0   3115008.0 1372365.2 8603648.0  6620830.0  66688.0 65502.4 8064.0 7708.6     26   23.807  10     53.088   76.896
1046528.0 1190912.0 1001572.0  0.0   3115008.0 1372368.9 8603648.0  6620830.0  66688.0 65502.4 8064.0 7708.6     26   23.807  10     53.088   76.896
1046528.0 1190912.0 1001572.0  0.0   3115008.0 1372375.3 8603648.0  6620830.0  66688.0 65502.4 8064.0 7708.6     26   23.807  10     53.088   76.896
1046528.0 1190912.0 1001572.0  0.0   3115008.0 1372375.3 8603648.0  6620830.0  66688.0 65502.4 8064.0 7708.6     26   23.807  10     53.088   76.896
1046528.0 1190912.0 1001572.0  0.0   3115008.0 1372379.1 8603648.0  6620830.0  66688.0 65502.4 8064.0 7708.6     26   23.807  10     53.088   76.896
1046528.0 1190912.0 1001572.0  0.0   3115008.0 1372385.5 8603648.0  6620830.0  66688.0 65502.4 8064.0 7708.6     26   23.807  10     53.088   76.896
1046528.0 1190912.0 1001572.0  0.0   3115008.0 1372389.2 8603648.0  6620830.0  66688.0 65502.4 8064.0 7708.6     26   23.807  10     53.088   76.896
1046528.0 1190912.0 1001572.0  0.0   3115008.0 1372389.2 8603648.0  6620830.0  66688.0 65502.4 8064.0 7708.6     26   23.807  10     53.088   76.896
1046528.0 1190912.0 1001572.0  0.0   3115008.0 1372395.6 8603648.0  6620830.0  66688.0 65502.4 8064.0 7708.6     26   23.807  10     53.088   76.896
1046528.0 1190912.0 1001572.0  0.0   3115008.0 1372399.3 8603648.0  6620830.0  66688.0 65502.4 8064.0 7708.6     26   23.807  10     53.088   76.896
1046528.0 1190912.0 1001572.0  0.0   3115008.0 1372405.7 8603648.0  6620830.0  66688.0 65502.4 8064.0 7708.6     26   23.807  10     53.088   76.896
1046528.0 1190912.0 1001572.0  0.0   3115008.0 1372405.7 8603648.0  6620830.0  66688.0 65502.4 8064.0 7708.6     26   23.807  10     53.088   76.896
1046528.0 1190912.0 1001572.0  0.0   3115008.0 1372409.4 8603648.0  6620830.0  66688.0 65502.4 8064.0 7708.6     26   23.807  10     53.088   76.896
1046528.0 1190912.0 1001572.0  0.0   3115008.0 1372415.9 8603648.0  6620830.0  66688.0 65502.4 8064.0 7708.6     26   23.807  10     53.088   76.896
