 S0C    S1C    S0U    S1U      EC       EU        OC         OU       MC     MU    CCSC   CCSU   YGC     YGCT    FGC    FGCT     GCT   
40448.0 43008.0  0.0    0.0   866304.0 159768.7  612864.0   60406.4   59008.0 58133.4 7296.0 7001.8      5    0.164   3      0.403    0.566
40448.0 43008.0  0.0    0.0   866304.0 162656.4  612864.0   60406.4   59008.0 58133.4 7296.0 7001.8      5    0.164   3      0.403    0.566
40448.0 43008.0  0.0    0.0   866304.0 162656.4  612864.0   60406.4   59008.0 58133.4 7296.0 7001.8      5    0.164   3      0.403    0.566
40448.0 43008.0  0.0    0.0   866304.0 162656.4  612864.0   60406.4   59008.0 58133.4 7296.0 7001.8      5    0.164   3      0.403    0.566
40448.0 43008.0  0.0    0.0   866304.0 162656.4  612864.0   60406.4   59008.0 58133.4 7296.0 7001.8      5    0.164   3      0.403    0.566
40448.0 43008.0  0.0    0.0   866304.0 162656.4  612864.0   60406.4   59008.0 58133.4 7296.0 7001.8      5    0.164   3      0.403    0.566
40448.0 43008.0  0.0    0.0   866304.0 162656.4  612864.0   60406.4   59008.0 58133.4 7296.0 7001.8      5    0.164   3      0.403    0.566
40448.0 43008.0  0.0    0.0   866304.0 162656.4  612864.0   60406.4   59008.0 58133.4 7296.0 7001.8      5    0.164   3      0.403    0.566
40448.0 43008.0  0.0    0.0   866304.0 162656.4  612864.0   60406.4   59008.0 58133.4 7296.0 7001.8      5    0.164   3      0.403    0.566
40448.0 43008.0  0.0    0.0   866304.0 162656.4  612864.0   60406.4   59008.0 58133.4 7296.0 7001.8      5    0.164   3      0.403    0.566
40448.0 43008.0  0.0    0.0   866304.0 162656.4  612864.0   60406.4   59008.0 58133.4 7296.0 7001.8      5    0.164   3      0.403    0.566
40448.0 43008.0  0.0    0.0   866304.0 162656.4  612864.0   60406.4   59008.0 58133.4 7296.0 7001.8      5    0.164   3      0.403    0.566
40448.0 43008.0  0.0    0.0   866304.0 162656.4  612864.0   60406.4   59008.0 58133.4 7296.0 7001.8      5    0.164   3      0.403    0.566
40448.0 43008.0  0.0    0.0   866304.0 162656.4  612864.0   60406.4   59008.0 58133.4 7296.0 7001.8      5    0.164   3      0.403    0.566
40448.0 43008.0  0.0    0.0   866304.0 162656.4  612864.0   60406.4   59008.0 58133.4 7296.0 7001.8      5    0.164   3      0.403    0.566
40448.0 43008.0  0.0    0.0   866304.0 162656.4  612864.0   60406.4   59008.0 58133.4 7296.0 7001.8      5    0.164   3      0.403    0.566
40448.0 43008.0  0.0    0.0   866304.0 162656.4  612864.0   60406.4   59008.0 58133.4 7296.0 7001.8      5    0.164   3      0.403    0.566
40448.0 43008.0  0.0    0.0   866304.0 162656.4  612864.0   60406.4   59008.0 58133.4 7296.0 7001.8      5    0.164   3      0.403    0.566
40448.0 43008.0  0.0    0.0   866304.0 162656.4  612864.0   60406.4   59008.0 58133.4 7296.0 7001.8      5    0.164   3      0.403    0.566
40448.0 43008.0  0.0    0.0   866304.0 162656.5  612864.0   60406.4   59008.0 58133.4 7296.0 7001.8      5    0.164   3      0.403    0.566
40448.0 43008.0  0.0    0.0   866304.0 162656.5  612864.0   60406.4   59008.0 58133.4 7296.0 7001.8      5    0.164   3      0.403    0.566
301568.0 198144.0  0.0   198124.1 2066432.0 570507.9  612864.0   445778.0  66944.0 65886.7 8064.0 7726.0      9    1.613   3      0.403    2.016
301568.0 399360.0 301554.1  0.0   3040768.0   0.0     612864.0   566002.0  66944.0 65886.7 8064.0 7726.0     10    2.356   4      0.403    2.759
447488.0 399360.0 256027.0 338016.0 3040768.0 3040768.0 1356800.0  1122403.6  66944.0 65886.7 8064.0 7726.0     12    3.243   4      4.368    7.611
447488.0 487936.0 345691.0  0.0   4520960.0   0.0    1356800.0  1181115.6  66944.0 65886.7 8064.0 7726.0     12    4.342   5      4.368    8.710
447488.0 487936.0 150904.1 487928.5 4520960.0 4520960.0 2328576.0  1506274.2  66944.0 65886.7 8064.0 7726.0     13    4.342   5     10.619   14.961
487936.0 876544.0 487904.0  0.0   3743744.0   0.0    2328576.0  2024738.7  66944.0 65886.7 8064.0 7726.0     14    6.999   6     10.619   17.619
487936.0 876544.0 487904.0  0.0   3743744.0   0.0    2328576.0  2024738.7  66944.0 65886.7 8064.0 7726.0     14    6.999   6     10.619   17.619
872960.0 876544.0 80320.0 446212.8 3743744.0 3743744.0 3558912.0  2626128.8  66944.0 65886.7 8064.0 7726.0     16    8.235   6     17.184   25.419
824832.0 847360.0  0.0   403872.0 3747328.0   0.0    3558912.0  3325648.8  66944.0 65886.7 8064.0 7726.0     17   10.856   7     17.184   28.040
824832.0 847360.0  0.0   403872.0 3747328.0   0.0    3558912.0  3325648.8  66944.0 65886.7 8064.0 7726.0     17   10.856   7     17.184   28.040
824832.0 847360.0  0.0   129728.5 3747328.0 3597571.5 5017600.0  3558549.4  66944.0 65886.7 8064.0 7726.0     17   10.856   7     26.419   37.275
873984.0 798208.0  0.0   798199.1 3824640.0 1369374.6 5017600.0  3779773.4  66944.0 65888.6 8064.0 7726.5     19   13.382   7     26.419   39.802
873984.0 904704.0 404832.0  0.0   3687424.0   0.0    5017600.0  4580324.5  66944.0 65888.6 8064.0 7726.5     20   14.871   8     26.419   41.290
873984.0 904704.0 404832.0  0.0   3687424.0   0.0    5017600.0  4580324.5  66944.0 65888.6 8064.0 7726.5     20   14.871   8     26.419   41.290
873984.0 904704.0  0.0    0.0   3687424.0 2490574.1 6681600.0  4923500.4  66944.0 65888.6 8064.0 7726.5     20   14.871   8     37.480   52.351
873984.0 989184.0 838976.0  0.0   3518464.0 1549879.1 6681600.0  4923500.4  66944.0 65888.6 8064.0 7726.5     22   16.753   8     37.480   54.233
873984.0 989184.0 838976.0 989184.0 3518464.0 3518464.0 6681600.0  5833212.4  66944.0 65888.6 8064.0 7726.5     23   16.753   8     37.480   54.233
989184.0 989184.0  0.0   989184.0 3518464.0   0.0    6853120.0  6853062.7  67840.0 66704.5 8192.0 7807.8     23   20.390   9     37.480   57.870
989184.0 989184.0  0.0   989184.0 3518464.0   0.0    6853120.0  6853062.7  67840.0 66704.5 8192.0 7807.8     23   20.390   9     37.480   57.870
989184.0 989184.0  0.0   989184.0 3518464.0   0.0    6853120.0  6853062.7  67840.0 66704.5 8192.0 7807.8     23   20.390   9     37.480   57.870
989184.0 989184.0  0.0   989184.0 3518464.0   0.0    6853120.0  6853062.7  67840.0 66704.5 8192.0 7807.8     23   20.390   9     37.480   57.870
989184.0 989184.0  0.0   989184.0 3518464.0   0.0    6853120.0  6853062.7  67840.0 66704.5 8192.0 7807.8     23   20.390   9     37.480   57.870
989184.0 989184.0  0.0   940739.4 3518464.0 1287698.7 9308160.0  6852819.0  67840.0 66704.5 8192.0 7807.8     23   20.390   9     61.773   82.163
989184.0 989184.0  0.0   940739.4 3518464.0 3331207.7 9308160.0  6852819.0  67840.0 66704.5 8192.0 7807.8     23   20.390   9     61.773   82.163
989184.0 1831936.0 989152.0  0.0   1832960.0   0.0    9308160.0  8183835.0  68352.0 67142.6 8192.0 7842.6     24   24.070  10     61.773   85.843
989184.0 1831936.0 989152.0  0.0   1832960.0   0.0    9308160.0  8183835.0  68352.0 67142.6 8192.0 7842.6     24   24.070  10     61.773   85.843
989184.0 1831936.0 989152.0  0.0   1832960.0   0.0    9308160.0  8183835.0  68352.0 67142.6 8192.0 7842.6     24   24.070  10     61.773   85.843
989184.0 1831936.0 989152.0  0.0   1832960.0   0.0    9308160.0  8183835.0  68352.0 67142.6 8192.0 7842.6     24   24.070  10     61.773   85.843
989184.0 1831936.0 989152.0  0.0   1832960.0   0.0    9308160.0  8183835.0  68352.0 67142.6 8192.0 7842.6     24   24.070  10     61.773   85.843
989184.0 1831936.0  0.0    0.0   1832960.0 364411.5 10993664.0 8884163.0  68352.0 67142.6 8192.0 7842.6     24   24.070  10     83.660  107.730
989184.0 1831936.0  0.0    0.0   1832960.0 364413.8 10993664.0 8884163.0  68352.0 67142.6 8192.0 7842.6     24   24.070  10     83.660  107.730
989184.0 1831936.0  0.0    0.0   1832960.0 364418.1 10993664.0 8884163.0  68352.0 67142.6 8192.0 7842.6     24   24.070  10     83.660  107.730
989184.0 1831936.0  0.0    0.0   1832960.0 364422.6 10993664.0 8884163.0  68352.0 67142.6 8192.0 7842.6     24   24.070  10     83.660  107.730
989184.0 1831936.0  0.0    0.0   1832960.0 364426.9 10993664.0 8884163.0  68352.0 67142.6 8192.0 7842.6     24   24.070  10     83.660  107.730
989184.0 1831936.0  0.0    0.0   1832960.0 364429.1 10993664.0 8884163.0  68352.0 67142.6 8192.0 7842.6     24   24.070  10     83.660  107.730
989184.0 1831936.0  0.0    0.0   1832960.0 364433.4 10993664.0 8884163.0  68352.0 67142.6 8192.0 7842.6     24   24.070  10     83.660  107.730
989184.0 1831936.0  0.0    0.0   1832960.0 364437.9 10993664.0 8884163.0  68352.0 67142.6 8192.0 7842.6     24   24.070  10     83.660  107.730
989184.0 1831936.0  0.0    0.0   1832960.0 364440.2 10993664.0 8884163.0  68352.0 67142.6 8192.0 7842.6     24   24.070  10     83.660  107.730
989184.0 1831936.0  0.0    0.0   1832960.0 364444.4 10993664.0 8884163.0  68352.0 67142.6 8192.0 7842.6     24   24.070  10     83.660  107.730
989184.0 1831936.0  0.0    0.0   1832960.0 364446.7 10993664.0 8884163.0  68352.0 67142.6 8192.0 7842.6     24   24.070  10     83.660  107.730
989184.0 1831936.0  0.0    0.0   1832960.0 364453.2 10993664.0 8884163.0  68352.0 67142.6 8192.0 7842.6     24   24.070  10     83.660  107.730
989184.0 1831936.0  0.0    0.0   1832960.0 364455.4 10993664.0 8884163.0  68352.0 67142.6 8192.0 7842.6     24   24.070  10     83.660  107.730
989184.0 1831936.0  0.0    0.0   1832960.0 364459.7 10993664.0 8884163.0  68352.0 67142.6 8192.0 7842.6     24   24.070  10     83.660  107.730
