 S0C    S1C    S0U    S1U      EC       EU        OC         OU       MC     MU    CCSC   CCSU   YGC     YGCT    FGC    FGCT     GCT   
40448.0 43008.0  0.0    0.0   858112.0 158342.6  610816.0   60645.1   59008.0 58115.9 7296.0 7003.5      5    0.164   3      0.412    0.575
40448.0 43008.0  0.0    0.0   858112.0 158342.6  610816.0   60645.1   59008.0 58115.9 7296.0 7003.5      5    0.164   3      0.412    0.575
40448.0 43008.0  0.0    0.0   858112.0 158342.6  610816.0   60645.1   59008.0 58115.9 7296.0 7003.5      5    0.164   3      0.412    0.575
40448.0 43008.0  0.0    0.0   858112.0 158342.6  610816.0   60645.1   59008.0 58115.9 7296.0 7003.5      5    0.164   3      0.412    0.575
40448.0 43008.0  0.0    0.0   858112.0 161203.0  610816.0   60645.1   59008.0 58115.9 7296.0 7003.5      5    0.164   3      0.412    0.575
40448.0 43008.0  0.0    0.0   858112.0 161203.0  610816.0   60645.1   59008.0 58115.9 7296.0 7003.5      5    0.164   3      0.412    0.575
40448.0 43008.0  0.0    0.0   858112.0 161203.0  610816.0   60645.1   59008.0 58115.9 7296.0 7003.5      5    0.164   3      0.412    0.575
40448.0 43008.0  0.0    0.0   858112.0 161203.0  610816.0   60645.1   59008.0 58115.9 7296.0 7003.5      5    0.164   3      0.412    0.575
40448.0 43008.0  0.0    0.0   858112.0 161203.0  610816.0   60645.1   59008.0 58115.9 7296.0 7003.5      5    0.164   3      0.412    0.575
40448.0 43008.0  0.0    0.0   858112.0 161203.0  610816.0   60645.1   59008.0 58115.9 7296.0 7003.5      5    0.164   3      0.412    0.575
40448.0 43008.0  0.0    0.0   858112.0 161203.0  610816.0   60645.1   59008.0 58115.9 7296.0 7003.5      5    0.164   3      0.412    0.575
40448.0 43008.0  0.0    0.0   858112.0 161203.0  610816.0   60645.1   59008.0 58115.9 7296.0 7003.5      5    0.164   3      0.412    0.575
40448.0 43008.0  0.0    0.0   858112.0 161203.0  610816.0   60645.1   59008.0 58115.9 7296.0 7003.5      5    0.164   3      0.412    0.575
40448.0 43008.0  0.0    0.0   858112.0 161203.0  610816.0   60645.1   59008.0 58115.9 7296.0 7003.5      5    0.164   3      0.412    0.575
40448.0 43008.0  0.0    0.0   858112.0 161203.0  610816.0   60645.1   59008.0 58115.9 7296.0 7003.5      5    0.164   3      0.412    0.575
40448.0 43008.0  0.0    0.0   858112.0 161203.0  610816.0   60645.1   59008.0 58115.9 7296.0 7003.5      5    0.164   3      0.412    0.575
40448.0 43008.0  0.0    0.0   858112.0 161203.0  610816.0   60645.1   59008.0 58115.9 7296.0 7003.5      5    0.164   3      0.412    0.575
40448.0 43008.0  0.0    0.0   858112.0 161203.0  610816.0   60645.1   59008.0 58115.9 7296.0 7003.5      5    0.164   3      0.412    0.575
40448.0 43008.0  0.0    0.0   858112.0 161203.0  610816.0   60645.1   59008.0 58115.9 7296.0 7003.5      5    0.164   3      0.412    0.575
40448.0 43008.0  0.0    0.0   858112.0 161203.0  610816.0   60645.1   59008.0 58115.9 7296.0 7003.5      5    0.164   3      0.412    0.575
40448.0 43008.0  0.0    0.0   858112.0 161203.0  610816.0   60645.1   59008.0 58115.9 7296.0 7003.5      5    0.164   3      0.412    0.575
40448.0 43008.0  0.0    0.0   858112.0 161203.0  610816.0   60645.1   59008.0 58115.9 7296.0 7003.5      5    0.164   3      0.412    0.575
40448.0 43008.0  0.0    0.0   858112.0 161203.1  610816.0   60645.1   59008.0 58115.9 7296.0 7003.5      5    0.164   3      0.412    0.575
40448.0 43008.0  0.0    0.0   858112.0 190470.0  610816.0   60645.1   59008.0 58115.9 7296.0 7003.5      5    0.164   3      0.412    0.575
40448.0 43008.0  0.0    0.0   858112.0 292904.6  610816.0   60645.1   59008.0 58115.9 7296.0 7003.5      5    0.164   3      0.412    0.575
40448.0 43008.0  0.0    0.0   858112.0 292904.6  610816.0   60645.1   59008.0 58115.9 7296.0 7003.5      5    0.164   3      0.412    0.575
40448.0 43008.0  0.0    0.0   858112.0 292904.6  610816.0   60645.1   59008.0 58115.9 7296.0 7003.5      5    0.164   3      0.412    0.575
40448.0 43008.0  0.0    0.0   858112.0 292904.6  610816.0   60645.1   59008.0 58115.9 7296.0 7003.5      5    0.164   3      0.412    0.575
40448.0 43008.0  0.0    0.0   858112.0 292904.6  610816.0   60645.1   59008.0 58115.9 7296.0 7003.5      5    0.164   3      0.412    0.575
40448.0 43008.0  0.0    0.0   858112.0 292904.6  610816.0   60645.1   59008.0 58115.9 7296.0 7003.5      5    0.164   3      0.412    0.575
40448.0 43008.0  0.0    0.0   858112.0 292904.6  610816.0   60645.1   59008.0 58115.9 7296.0 7003.5      5    0.164   3      0.412    0.575
40448.0 43008.0  0.0    0.0   858112.0 292904.6  610816.0   60645.1   59008.0 58115.9 7296.0 7003.5      5    0.164   3      0.412    0.575
40448.0 43008.0  0.0    0.0   858112.0 292904.6  610816.0   60645.1   59008.0 58115.9 7296.0 7003.5      5    0.164   3      0.412    0.575
40448.0 43008.0  0.0    0.0   858112.0 292904.6  610816.0   60645.1   59008.0 58115.9 7296.0 7003.5      5    0.164   3      0.412    0.575
40448.0 43008.0  0.0    0.0   858112.0 292904.6  610816.0   60645.1   59008.0 58115.9 7296.0 7003.5      5    0.164   3      0.412    0.575
40448.0 43008.0  0.0    0.0   858112.0 292904.6  610816.0   60645.1   59008.0 58115.9 7296.0 7003.5      5    0.164   3      0.412    0.575
40448.0 43008.0  0.0    0.0   858112.0 292904.6  610816.0   60645.1   59008.0 58115.9 7296.0 7003.5      5    0.164   3      0.412    0.575
40448.0 43008.0  0.0    0.0   858112.0 292904.6  610816.0   60645.1   59008.0 58115.9 7296.0 7003.5      5    0.164   3      0.412    0.575
40448.0 43008.0  0.0    0.0   858112.0 292904.6  610816.0   60645.1   59008.0 58115.9 7296.0 7003.5      5    0.164   3      0.412    0.575
40448.0 43008.0  0.0    0.0   858112.0 292904.6  610816.0   60645.1   59008.0 58115.9 7296.0 7003.5      5    0.164   3      0.412    0.575
40448.0 43008.0  0.0    0.0   858112.0 292904.6  610816.0   60645.1   59008.0 58115.9 7296.0 7003.5      5    0.164   3      0.412    0.575
40448.0 43008.0  0.0    0.0   858112.0 292904.6  610816.0   60645.1   59008.0 58115.9 7296.0 7003.5      5    0.164   3      0.412    0.575
40448.0 43008.0  0.0    0.0   858112.0 292904.6  610816.0   60645.1   59008.0 58115.9 7296.0 7003.5      5    0.164   3      0.412    0.575
40448.0 43008.0  0.0    0.0   858112.0 292904.6  610816.0   60645.1   59008.0 58115.9 7296.0 7003.5      5    0.164   3      0.412    0.575
40448.0 43008.0  0.0    0.0   858112.0 292904.6  610816.0   60645.1   59008.0 58115.9 7296.0 7003.5      5    0.164   3      0.412    0.575
40448.0 43008.0  0.0    0.0   858112.0 292904.6  610816.0   60645.1   59008.0 58115.9 7296.0 7003.5      5    0.164   3      0.412    0.575
40448.0 43008.0  0.0    0.0   858112.0 292904.6  610816.0   60645.1   59008.0 58115.9 7296.0 7003.5      5    0.164   3      0.412    0.575
40448.0 43008.0  0.0    0.0   858112.0 292904.6  610816.0   60645.1   59008.0 58115.9 7296.0 7003.5      5    0.164   3      0.412    0.575
40448.0 43008.0  0.0    0.0   858112.0 292904.6  610816.0   60645.1   59008.0 58115.9 7296.0 7003.5      5    0.164   3      0.412    0.575
40448.0 43008.0  0.0    0.0   858112.0 292904.6  610816.0   60645.1   59008.0 58115.9 7296.0 7003.5      5    0.164   3      0.412    0.575
